// Jest Snapshot v1, https://goo.gl/fbAQLP

exports[`No changes in employee Page 1`] = `
<div>
  <div
    class="css-0"
  >
    <div
      class="css-rf1m55"
    >
      <div
        class="css-1hei07s"
      >
        <p
          class="chakra-text css-1gfp23t"
        >
          Menu
        </p>
        <button
          aria-label="Close"
          class="css-19s8bkw"
          type="button"
        >
          <svg
            aria-hidden="true"
            class="chakra-icon css-onkibi"
            focusable="false"
            viewBox="0 0 24 24"
          >
            <path
              d="M.439,21.44a1.5,1.5,0,0,0,2.122,2.121L11.823,14.3a.25.25,0,0,1,.354,0l9.262,9.263a1.5,1.5,0,1,0,2.122-2.121L14.3,12.177a.25.25,0,0,1,0-.354l9.263-9.262A1.5,1.5,0,0,0,21.439.44L12.177,9.7a.25.25,0,0,1-.354,0L2.561.44A1.5,1.5,0,0,0,.439,2.561L9.7,11.823a.25.25,0,0,1,0,.354Z"
              fill="currentColor"
            />
          </svg>
        </button>
      </div>
      <a
        class="css-jgup0q"
        href="#"
        style="text-decoration: none;"
      >
        <div
          class="css-b97lnq"
          role="group"
        >
          <svg
            class="chakra-icon css-1b1fm3x"
            fill="currentColor"
            focusable="false"
            height="1em"
            stroke="currentColor"
            stroke-width="0"
            viewBox="0 0 24 24"
            width="1em"
            xmlns="http://www.w3.org/2000/svg"
          >
            <g
              id="Bank"
            >
              <path
                d="M19.505,17.943V10.362a1.491,1.491,0,0,0,1.39-1.12,1.468,1.468,0,0,0-.7-1.68l-7.45-4.3a1.521,1.521,0,0,0-1.49,0l-7.45,4.3a1.468,1.468,0,0,0-.7,1.68,1.487,1.487,0,0,0,1.45,1.12h.13v7.57h-.12a1.5,1.5,0,0,0,0,3h14.87a1.5,1.5,0,0,0,.07-2.989ZM4.555,9.362a.505.505,0,0,1-.25-.94l7.45-4.289a.474.474,0,0,1,.49,0L19.7,8.422a.5.5,0,0,1-.25.94Zm13.95,1v7.57H14.9v-7.57Zm-4.61,0v7.57h-3.61v-7.57Zm-4.61,0v7.57h-3.6v-7.57Zm10.15,9.57H4.565a.5.5,0,0,1-.5-.5.5.5,0,0,1,.5-.5h14.87a.5.5,0,0,1,.5.5A.5.5,0,0,1,19.435,19.932Z"
              />
            </g>
          </svg>
          Home
        </div>
      </a>
      <a
        class="css-jgup0q"
        href="#"
        style="text-decoration: none;"
      >
        <div
          class="css-b97lnq"
          role="group"
        >
          <svg
            class="chakra-icon css-1b1fm3x"
            fill="currentColor"
            focusable="false"
            height="1em"
            stroke="currentColor"
            stroke-width="0"
            viewBox="0 0 24 24"
            width="1em"
            xmlns="http://www.w3.org/2000/svg"
          >
            <g
              id="Dollar"
            >
              <g>
                <path
                  d="M12,21.934A9.934,9.934,0,1,1,21.934,12,9.945,9.945,0,0,1,12,21.934ZM12,3.066A8.934,8.934,0,1,0,20.934,12,8.944,8.944,0,0,0,12,3.066Z"
                />
                <path
                  d="M14.5,13.5a2.006,2.006,0,0,1-2,2v1.01a.5.5,0,0,1-1,0V15.5H10.25a.5.5,0,0,1,0-1H12.5a1,1,0,0,0,0-2h-1a2,2,0,0,1,0-4V7.49a.5.5,0,0,1,1,0V8.5h1.25a.5.5,0,0,1,0,1H11.5a1,1,0,0,0,0,2h1A2.006,2.006,0,0,1,14.5,13.5Z"
                />
              </g>
            </g>
          </svg>
          Pay/Transer
        </div>
      </a>
      <a
        class="css-jgup0q"
        href="#"
        style="text-decoration: none;"
      >
        <div
          class="css-b97lnq"
          role="group"
        >
          <svg
            class="chakra-icon css-1b1fm3x"
            fill="currentColor"
            focusable="false"
            height="1em"
            stroke="currentColor"
            stroke-width="0"
            viewBox="0 0 24 24"
            width="1em"
            xmlns="http://www.w3.org/2000/svg"
          >
            <g
              id="Money_Check_1"
            >
              <g>
                <path
                  d="M19.437,18.218H4.563a2.5,2.5,0,0,1-2.5-2.5V8.282a2.5,2.5,0,0,1,2.5-2.5H19.437a2.5,2.5,0,0,1,2.5,2.5v7.436A2.5,2.5,0,0,1,19.437,18.218ZM4.563,6.782a1.5,1.5,0,0,0-1.5,1.5v7.436a1.5,1.5,0,0,0,1.5,1.5H19.437a1.5,1.5,0,0,0,1.5-1.5V8.282a1.5,1.5,0,0,0-1.5-1.5Z"
                />
                <path
                  d="M12,12.786H5.064a.5.5,0,0,1,0-1H12a.5.5,0,0,1,0,1Z"
                />
                <path
                  d="M14,15.714H5.064a.5.5,0,1,1,0-1H14a.5.5,0,0,1,0,1Z"
                />
                <rect
                  height="2"
                  rx="0.5"
                  width="4"
                  x="15.436"
                  y="8.283"
                />
              </g>
            </g>
          </svg>
          Deposit
        </div>
      </a>
      <a
        class="css-jgup0q"
        href="#"
        style="text-decoration: none;"
      >
        <div
          class="css-b97lnq"
          role="group"
        >
          <svg
            class="chakra-icon css-1b1fm3x"
            fill="currentColor"
            focusable="false"
            height="1em"
            stroke="currentColor"
            stroke-width="0"
            viewBox="0 0 24 24"
            width="1em"
            xmlns="http://www.w3.org/2000/svg"
          >
            <g
              id="Map"
            >
              <path
                d="M20.21,4.576a1.906,1.906,0,0,0-1.63-.35l-3.53.89a1.086,1.086,0,0,1-.44,0L9.63,3.876a2.041,2.041,0,0,0-.92,0L4.5,4.936a1.893,1.893,0,0,0-1.44,1.84v11.15a1.871,1.871,0,0,0,.73,1.5,1.906,1.906,0,0,0,1.63.35l3.53-.89a1.086,1.086,0,0,1,.44,0l4.98,1.24a2.315,2.315,0,0,0,.46.05,2.4,2.4,0,0,0,.46-.05l4.21-1.06a1.893,1.893,0,0,0,1.44-1.84V6.076A1.871,1.871,0,0,0,20.21,4.576ZM8.67,17.926l-3.49.87a.89.89,0,0,1-1.12-.87V6.776a.9.9,0,0,1,.68-.87l3.93-.99Zm5.66,1.16-4.66-1.16V4.916l4.66,1.16Zm5.61-1.86a.9.9,0,0,1-.68.87l-3.93.99V6.076l3.49-.87a.908.908,0,0,1,.78.16.886.886,0,0,1,.34.71Z"
              />
            </g>
          </svg>
          ATM Locations
        </div>
      </a>
      <a
        class="css-jgup0q"
        href="#"
        style="text-decoration: none;"
      >
        <div
          class="css-b97lnq"
          role="group"
        >
          <svg
            class="chakra-icon css-1b1fm3x"
            fill="currentColor"
            focusable="false"
            height="1em"
            stroke="currentColor"
            stroke-width="0"
            viewBox="0 0 24 24"
            width="1em"
            xmlns="http://www.w3.org/2000/svg"
          >
            <g
              id="Settings"
            >
              <g>
                <path
                  d="M12.6,20.936H11.3a.883.883,0,0,1-.852-.654l-.774-2.833-2.5,1.435a.886.886,0,0,1-1.06-.138l-.925-.919a.884.884,0,0,1-.143-1.066l1.469-2.545L6.509,14.2l-2.787-.747a.882.882,0,0,1-.654-.851V11.3a.882.882,0,0,1,.652-.85l2.839-.777L5.12,7.171a.885.885,0,0,1,.141-1.062l.918-.918A.885.885,0,0,1,7.24,5.049L9.792,6.514l.012,0,.745-2.79a.881.881,0,0,1,.851-.655h1.3a.883.883,0,0,1,.852.655l.762,2.838,2.509-1.441a.885.885,0,0,1,1.059.138l.926.919a.882.882,0,0,1,.141,1.067L17.483,9.777l.008.022,2.786.746a.883.883,0,0,1,.653.851v1.3a.883.883,0,0,1-.654.852l-2.837.774,1.439,2.505a.881.881,0,0,1-.141,1.063l-.917.917a.888.888,0,0,1-1.063.141l-2.539-1.462L14.2,17.5l-.745,2.785A.885.885,0,0,1,12.6,20.936Zm-1.21-1h1.119l.738-2.756a.888.888,0,0,1,.528-.592l.134-.052a.873.873,0,0,1,.76.057l2.51,1.445.789-.789-1.423-2.478a.881.881,0,0,1-.048-.78l.052-.125a.875.875,0,0,1,.584-.51l2.8-.749v-1.12l-2.755-.737a.885.885,0,0,1-.592-.529l-.052-.132a.882.882,0,0,1,.057-.763L18.04,6.818l-.8-.79-2.48,1.425a.878.878,0,0,1-.772.052l-.115-.047a.888.888,0,0,1-.518-.588l-.748-2.806H11.492l-.738,2.762a.883.883,0,0,1-.539.6l-.12.045a.874.874,0,0,1-.751-.058L6.822,5.962l-.789.789L7.455,9.227a.886.886,0,0,1,.046.785l-.051.12a.876.876,0,0,1-.579.5l-2.8.758v1.121l2.757.738a.889.889,0,0,1,.591.525l.048.121a.874.874,0,0,1-.055.77L5.958,17.181l.8.791,2.47-1.419a.878.878,0,0,1,.787-.045l.106.044a.874.874,0,0,1,.526.591ZM9.75,17.482l.008,0ZM9.6,17.421l.007,0ZM6.487,14.147h0Zm.044-4.411h0Zm7.724-3.2Z"
                />
                <path
                  d="M12,15a3,3,0,1,1,3-3A3,3,0,0,1,12,15Zm0-5a2,2,0,1,0,2,2A2,2,0,0,0,12,10Z"
                />
              </g>
            </g>
          </svg>
          Settings
        </div>
      </a>
      <a
        class="css-jgup0q"
        href="#"
        style="text-decoration: none;"
      >
        <div
          class="css-b97lnq"
          role="group"
        >
          <svg
            class="chakra-icon css-1b1fm3x"
            fill="currentColor"
            focusable="false"
            height="1em"
            stroke="currentColor"
            stroke-width="0"
            viewBox="0 0 24 24"
            width="1em"
            xmlns="http://www.w3.org/2000/svg"
          >
            <g
              id="Laptop"
            >
              <path
                d="M21.485,16.155a.992.992,0,0,0-.77-.36h-.33V6.565a2.5,2.5,0,0,0-2.5-2.5H6.115a2.5,2.5,0,0,0-2.5,2.5V15.8h-.34a1,1,0,0,0-.98,1.17l.3,1.73a1.5,1.5,0,0,0,1.48,1.24h15.85a1.5,1.5,0,0,0,1.48-1.24l.3-1.73A.986.986,0,0,0,21.485,16.155ZM4.615,6.565a1.5,1.5,0,0,1,1.5-1.5h11.77a1.5,1.5,0,0,1,1.5,1.5V15.8H4.615Zm15.8,11.96a.494.494,0,0,1-.49.41H4.075a.494.494,0,0,1-.49-.41l-.31-1.73h17.44Z"
              />
            </g>
          </svg>
          Generate Reports
        </div>
      </a>
    </div>
    <div
      class="css-ieadyt"
    >
      <button
        aria-label="open menu"
        class="chakra-button css-tcn7ct"
        type="button"
      >
        <svg
          aria-hidden="true"
          fill="none"
          focusable="false"
          height="1em"
          stroke="currentColor"
          stroke-linecap="round"
          stroke-linejoin="round"
          stroke-width="2"
          viewBox="0 0 24 24"
          width="1em"
          xmlns="http://www.w3.org/2000/svg"
        >
          <line
            x1="3"
            x2="21"
            y1="12"
            y2="12"
          />
          <line
            x1="3"
            x2="21"
            y1="6"
            y2="6"
          />
          <line
            x1="3"
            x2="21"
            y1="18"
            y2="18"
          />
        </svg>
      </button>
      <p
        class="chakra-text css-1ri2w28"
      >
        Menu
      </p>
      <div
        class="chakra-stack css-16jq6ii"
      >
        <button
          aria-label="open menu"
          class="chakra-button css-p7mkev"
          type="button"
        >
          <svg
            aria-hidden="true"
            fill="none"
            focusable="false"
            height="1em"
            stroke="currentColor"
            stroke-linecap="round"
            stroke-linejoin="round"
            stroke-width="2"
            viewBox="0 0 24 24"
            width="1em"
            xmlns="http://www.w3.org/2000/svg"
          >
            <path
              d="M18 8A6 6 0 0 0 6 8c0 7-3 9-3 9h18s-3-2-3-9"
            />
            <path
              d="M13.73 21a2 2 0 0 1-3.46 0"
            />
          </svg>
        </button>
        <div
          class="css-70qvj9"
        >
          <button
            aria-controls="menu-list-:r3:"
            aria-expanded="false"
            aria-haspopup="menu"
            class="chakra-menu__menu-button css-10lilp"
            id="menu-button-:r3:"
          >
            <span
              class="css-xl71ch"
            >
              <div
                class="chakra-stack css-1igwmid"
              >
                <span
                  class="chakra-avatar css-1ruhx4w"
                >
                  <svg
                    aria-label=" avatar"
                    class="chakra-avatar__svg css-16ite8i"
                    role="img"
                    viewBox="0 0 128 128"
                  >
                    <path
                      d="M103,102.1388 C93.094,111.92 79.3504,118 64.1638,118 C48.8056,118 34.9294,111.768 25,101.7892 L25,95.2 C25,86.8096 31.981,80 40.6,80 L87.4,80 C96.019,80 103,86.8096 103,95.2 L103,102.1388 Z"
                      fill="currentColor"
                    />
                    <path
                      d="M63.9961647,24 C51.2938136,24 41,34.2938136 41,46.9961647 C41,59.7061864 51.2938136,70 63.9961647,70 C76.6985159,70 87,59.7061864 87,46.9961647 C87,34.2938136 76.6985159,24 63.9961647,24"
                      fill="currentColor"
                    />
                  </svg>
                </span>
                <div
                  class="chakra-stack css-z9uxt8"
                >
                  <p
                    class="chakra-text css-g5hezf"
                  >
                    Michael De Santa
                  </p>
                  <p
                    class="chakra-text css-65bt76"
                  >
                    Employee
                  </p>
                </div>
                <div
                  class="css-1t6irk0"
                >
                  <svg
                    fill="none"
                    height="1em"
                    stroke="currentColor"
                    stroke-linecap="round"
                    stroke-linejoin="round"
                    stroke-width="2"
                    viewBox="0 0 24 24"
                    width="1em"
                    xmlns="http://www.w3.org/2000/svg"
                  >
                    <polyline
                      points="6 9 12 15 18 9"
                    />
                  </svg>
                </div>
              </div>
            </span>
          </button>
          <div
            class="css-0"
            style="visibility: hidden; position: absolute; min-width: max-content; inset: 0 auto auto 0;"
          >
            <div
              aria-orientation="vertical"
              class="chakra-menu__menu-list css-w8sf4k"
              id="menu-list-:r3:"
              role="menu"
              style="transform-origin: var(--popper-transform-origin); opacity: 0; visibility: hidden; transform: scale(0.8) translateZ(0);"
              tabindex="-1"
            >
              <button
                class="chakra-menu__menuitem css-1k756t9"
                data-index="0"
                id="menu-list-:r3:-menuitem-:r4:"
                role="menuitem"
                tabindex="-1"
                type="button"
              >
                Profile
              </button>
              <button
                class="chakra-menu__menuitem css-1k756t9"
                data-index="1"
                id="menu-list-:r3:-menuitem-:r5:"
                role="menuitem"
                tabindex="-1"
                type="button"
              >
                Settings
              </button>
              <button
                class="chakra-menu__menuitem css-1k756t9"
                data-index="2"
                id="menu-list-:r3:-menuitem-:r6:"
                role="menuitem"
                tabindex="-1"
                type="button"
              >
                Billing
              </button>
              <hr
                aria-orientation="horizontal"
                class="chakra-menu__divider css-0"
              />
              <button
                class="chakra-menu__menuitem css-1k756t9"
                data-index="3"
                id="menu-list-:r3:-menuitem-:r7:"
                role="menuitem"
                tabindex="-1"
                type="button"
              >
                Sign out
              </button>
            </div>
          </div>
        </div>
      </div>
    </div>
    <div
      class="css-1fr3uq1"
    />
  </div>
</div>
`;
